// Jest Snapshot v1, https://goo.gl/fbAQLP

exports[`Toats.vue Comprueba renderizado del componente Toast con snapshot 1`] = `
<transition-stub name="fade">
  <div class="toast" style="display: none;">
    <div class="toast__wrapper">
      <div class="toast__body">
        <az-icon-stub width="" height="" scale="3" fill="true" class="toast__icon"></az-icon-stub>
        <div class="toast__title toast__title--onlyTitle"></div>
        <!---->
        <!---->
        <!---->
        <!---->
      </div>
    </div>
  </div>
</transition-stub>
`;
